=== ChessBot A/B run: two builds, one question ===
Run ID     : 20260915_212710
Generated  : 2026-09-15T19:56:17.3622445Z
Budget     : 50 ms/move
Conditions : Time budget, adaptive concurrency 7-8, mean 7,6 of 14 physical cores (20 logical, windows:GetLogicalProcessorInformationEx)
Openings   : 500 openings from openings/generated-500.epd (epd/fen), sha256 81bb81373f40…

=== Arms ===
  A (baseline) A: KornKnight 1.0.0+89ebe74258b5 (Release)  commit 89ebe74258b5  sha256 c2e0882a6f42…
  B (change)   B: KornKnight 1.0.0+b4edf2755d51 (Release)  commit b4edf2755d51  sha256 8e6809c304cb…

=== Result (B against A) ===
  Games            : 2000
  B result         : +737 =498 -765
  B score rate     : 49,30 % ± 1,90 % (95%)
  Implied Elo (B-A): -4,9 ± 13,2
  Significant      : no — the interval includes 50%
  Colour balance   : A had White in 1000 of 2000 scored games

=== SPRT ===
  H0: elo0=0  H1: elo1=5  alpha=0,05 beta=0,05  bounds [-2,944, 2,944]
  LLR     : -0,8125
  Verdict : Continue
  LLR -0,812 is inside [-2,944, 2,944] after 2000 games

Stopped because: played all 2000 games

=== How games ended ===
  Checkmate — White wins             971
  Checkmate — Black wins             531
  Threefold repetition               362
  Insufficient material              75
  50-move rule                       58
  Stalemate                          3

Game results are the objective. The score and its interval above are the only
numbers here that speak to strength; everything else is evidence for them.
